let foo ~a:((a)[@ns.namedArgLoc ])  =
  ((a (let __res_unit = () in __res_unit))[@bs ]) +. 1.
let a = ((fun () -> 2)[@bs ])
let bar = foo ~a:((a)[@ns.namedArgLoc ])
let comparisonResult =
  ((compare currentNode.value ~targetValue:((targetValue)[@ns.namedArgLoc ]))
  [@bs ])
;;((callback firstNode ~y:((y)[@ns.namedArgLoc ]))[@bs ])
;;((document.createElementWithOptions {js|div|js}
      (elementProps ~onClick:((fun _ -> Js.log {js|hello world|js})
         [@ns.namedArgLoc ])))[@bs ])
;;((resolve ())[@bs ])
;;((resolve (let __res_unit = () in __res_unit))[@bs ])