;;[%expr ]
;;[%expr.extension ]
;;[%expr.extension.with.args {js|argument|js}]
;;[%expr.extension.with.args fun x -> f x]
let x = ([%bs.raw {js|1|js}]) + ([%bs.raw {js|2|js}])