@@jsxConfig({version: 4, mode: "automatic"})

module C0 = {
  type props<'priority, 'text> = {priority: 'priority, text?: 'text}

  @react.component
  let make = (props: props<'priority, 'text>) => {
    let text = switch props.text {
    | Some(text) => text
    | None => "Test"
    }
    and _ = props.priority

    React.string(text)
  }
  let make = {
    let \"AliasProps$C0" = (props: props<_>) => make(props)

    \"AliasProps$C0"
  }
}

module C1 = {
  type props<'priority, 'text> = {priority: 'priority, text?: 'text}

  @react.component
  let make = (props: props<'priority, 'text>) => {
    let text = switch props.text {
    | Some(text) => text
    | None => "Test"
    }
    and p = props.priority

    React.string(p ++ text)
  }
  let make = {
    let \"AliasProps$C1" = (props: props<_>) => make(props)

    \"AliasProps$C1"
  }
}

module C2 = {
  type props<'foo> = {foo?: 'foo}

  @react.component
  let make = (props: props<'foo>) => {
    let bar = switch props.foo {
    | Some(foo) => foo
    | None => ""
    }

    ReactDOM.jsx("div", {})
  }
  let make = {
    let \"AliasProps$C2" = (props: props<_>) => make(props)

    \"AliasProps$C2"
  }
}
