module C0 = {
  let a = 1
  type props<'a, 'b> = {a?: 'a, b?: 'b}

  @react.component
  let make = (props: props<'a, 'b>) => {
    let b = switch props.b {
    | Some(b) => b
    | None => a * 2
    }
    and a = switch props.a {
    | Some(a) => a
    | None => 2
    }

    React.int(a + b)
  }
  let make = {
    let \"DefaultValueProp$C0" = (props: props<_>) => make(props)

    \"DefaultValueProp$C0"
  }
}

module C1 = {
  type props<'a, 'b> = {a?: 'a, b: 'b}

  @react.component
  let make = (props: props<'a, 'b>) => {
    let b = props.b
    and a = switch props.a {
    | Some(a) => a
    | None => 2
    }

    React.int(a + b)
  }
  let make = {
    let \"DefaultValueProp$C1" = (props: props<_>) => make(props)

    \"DefaultValueProp$C1"
  }
}
