@@jsxConfig({version: 3})

module Foo = {
  @obj
  external componentProps: (~a: int, ~b: string, ~key: string=?, unit) => {"a": int, "b": string} =
    ""
  @module("Foo")
  external component: React.componentLike<{"a": int, "b": string}, React.element> = "component"
}

let t = React.createElement(Foo.component, Foo.componentProps(~a=1, ~b={"1"}, ()))

@@jsxConfig({version: 4, mode: "classic"})

module Foo = {
  type props<'a, 'b> = {a: 'a, b: 'b}

  @module("Foo")
  external component: React.componentLike<props<int, string>, React.element> = "component"
}

let t = React.createElement(Foo.component, {a: 1, b: "1"})

@@jsxConfig({version: 4, mode: "automatic"})

module Foo = {
  type props<'a, 'b> = {a: 'a, b: 'b}

  @module("Foo")
  external component: React.componentLike<props<int, string>, React.element> = "component"
}

let t = React.jsx(Foo.component, {a: 1, b: "1"})
