@@jsxConfig({version: 4, mode: "automatic"})

@react.component
let make = (~msg) => {
  ReactDOM.jsx("div", {children: {msg->React.string}})
}

@@jsxConfig({version: 4, mode: "classic"})

@react.component
let make = (~msg) => {
  ReactDOMRe.createDOMElementVariadic("div", [{msg->React.string}])
}

@@jsxConfig({version: 3})

@react.component
let make = (~msg) => {
  ReactDOMRe.createDOMElementVariadic("div", [{msg->React.string}])
}
