module Bar = {
  type props<'a, 'b> = {key?: string, a: 'a, b: 'b}
  let make = ({a, b, _}: props<'a, 'b>) => {
    Js.log("This function should be named `InnerModule.react$Bar`")
    ReactDOM.jsx("div", {key: ?None})
  }
  let make = {
    let \"InnerModule$Bar" = (props: props<_>) => make(props)
    \"InnerModule$Bar"
  }
  type props<'a, 'b> = {key?: string, a: 'a, b: 'b}

  let component = ({a, b, _}: props<'a, 'b>) => {
    Js.log("This function should be named `InnerModule.react$Bar$component`")
    ReactDOM.jsx("div", {key: ?None})
  }
  let component = {
    let \"InnerModule$Bar$component" = (props: props<_>) => make(props)
    \"InnerModule$Bar$component"
  }
}
