module Outer = {
  type props = {}
  let make = (_: props) => {
    module Inner = {
      type props = {}

      let make = (_: props) => ReactDOM.jsx("div", {})
      let make = {
        let \"Nested$Outer" = props => make(props)

        \"Nested$Outer"
      }
    }

    React.jsx(Inner.make, {})
  }
  let make = {
    let \"Nested$Outer" = props => make(props)
    \"Nested$Outer"
  }
}
