@obj
external makeProps: (
  ~a: '\"type-a",
  ~b: array<option<[#Foo('\"type-a")]>>,
  ~c: 'a,
  ~key: string=?,
  unit,
) => {"a": '\"type-a", "b": array<option<[#Foo('\"type-a")]>>, "c": 'a} = ""
let make = (type a, ~a: a, ~b: array<option<[#Foo(a)]>>, ~c: 'a, _) =>
  ReactDOMRe.createDOMElementVariadic("div", [])
let make = {
  let \"Newtype" = (\"Props": {"a": '\"type-a", "b": array<option<[#Foo('\"type-a")]>>, "c": 'a}) =>
    make(~c=\"Props"["c"], ~b=\"Props"["b"], ~a=\"Props"["a"])
  \"Newtype"
}
