@@jsxConfig({version: 4, mode: "classic"})

module V4C1: {
  type props = sharedProps<string>

  let make: React.componentLike<props, React.element>
}

module V4C2: {
  type props<'a> = sharedProps<'a>

  let make: React.componentLike<props<_>, React.element>
}

module V4C3: {
  type props<'a> = sharedProps<string, 'a>

  let make: React.componentLike<props<_>, React.element>
}

module V4C4: {
  type props = sharedProps

  let make: React.componentLike<props, React.element>
}

@@jsxConfig({version: 4, mode: "automatic"})

module V4A1: {
  type props = sharedProps<string>

  let make: React.componentLike<props, React.element>
}

module V4A2: {
  type props<'a> = sharedProps<'a>

  let make: React.componentLike<props<_>, React.element>
}

module V4A3: {
  type props<'a> = sharedProps<string, 'a>

  let make: React.componentLike<props<_>, React.element>
}

module V4A4: {
  type props = sharedProps

  let make: React.componentLike<props, React.element>
}
