
  Syntax error!
  tests/printer/comments/trailingComments.res:13:9-15:2

  11 │ }
  12 │ 
  13 │ /* A */ /**
  14 │ * A type that can be written to a buffer.
  15 │ */ /**
  16 │ * Describes the connection status of a ReactiveSocket/DuplexConnection.
  17 │ * - NOT_CONNECTED: no connection established or pending.

  Did you forget to attach `ns.doc` to an item?
  Standalone attributes start with `@@` like: `@@ns.doc`

