module type A  = [%modTypeExtension ]
module type B  = [%mod.type.extension ]
module type C  = [%mod.type.extension.with.args {js|argument|js}]
module type D  = [%mod.type.extension.with.args fun x -> f x]