let x = "âœ… foo bar"

let x = "\n okokok"

let z = "\t \b \n okok ðŸ™ˆ"
