
  Syntax error!
  tests/parsing/errors/expressions/id.res:1:5

  1 â”‚ n.R.

  I'm not sure what to parse here when looking at "eof".

;;n.R._